
Discarded input sections

 .group         0x00000000        0xc build/./kmain.o
 .group         0x00000000        0xc build/./kmain.o
 .group         0x00000000        0xc build/./kmain.o
 .debug_macro   0x00000000      0x850 build/./kmain.o
 .debug_macro   0x00000000       0x88 build/./kmain.o
 .debug_macro   0x00000000       0x16 build/./kmain.o

Memory Configuration

Name             Origin             Length             Attributes
*default*        0x00000000         0xffffffff

Linker script and memory map

LOAD build/./gdt.o
LOAD build/./kmain.o
LOAD build/./isr.o
LOAD build/./load_descriptors.o

.interp
 *(.interp)

.note.gnu.build-id
 *(.note.gnu.build-id)

.hash
 *(.hash)

.gnu.hash
 *(.gnu.hash)

.dynsym
 *(.dynsym)

.dynstr
 *(.dynstr)

.gnu.version
 *(.gnu.version)

.gnu.version_d
 *(.gnu.version_d)

.gnu.version_r
 *(.gnu.version_r)

.rel.init
 *(.rel.init)

.rel.text
 *(.rel.text)

.rel.fini
 *(.rel.fini)

.rel.rodata
 *(.rel.rodata)

.rel.data.rel.ro
 *(.rel.data.rel.ro)

.rel.data
 *(.rel.data)

.rel.tdata
 *(.rel.tdata)

.rel.tbss
 *(.rel.tbss)

.rel.ctors
 *(.rel.ctors)

.rel.dtors
 *(.rel.dtors)

.rel.got
 *(.rel.got)

.rel.bss
 *(.rel.bss)

.rel.ifunc
 *(.rel.ifunc)

.rel.plt
 *(.rel.plt)

.relr.dyn
 *(.relr.dyn)

.init
 *(SORT_NONE(.init))

.plt
 *(.plt)

.plt.got
 *(.plt.got)

.plt.sec
 *(.plt.sec)

.text           0x00000000      0x191
 *(.text .stub)
 .text          0x00000000      0x121 build/./gdt.o
                0x00000000                create_gdt_entry
                0x0000007d                gdt_init_flat_protected
                0x00000117                get_gdt_ptr
 .text          0x00000121       0x4b build/./kmain.o
                0x00000121                kmain
 .text          0x0000016c        0x0 build/./isr.o
 .text          0x0000016c       0x25 build/./load_descriptors.o
                0x0000016c                load_gdt
                0x00000189                load_idt
 *(.gnu.warning)

.fini
 *(SORT_NONE(.fini))

.rodata
 *(.rodata)

.rodata1
 *(.rodata1)

.eh_frame_hdr
 *(.eh_frame_hdr)

.eh_frame       0x00000000       0xf0
 *(.eh_frame)
 .eh_frame      0x00000000       0x78 build/./gdt.o
 .eh_frame      0x00000078       0x78 build/./kmain.o

.sframe
 *(.sframe)

.gcc_except_table
 *(.gcc_except_table)

.gnu_extab
 *(.gnu_extab*)

.exception_ranges
 *(.exception_ranges)

.eh_frame
 *(.eh_frame)

.sframe
 *(.sframe)

.gnu_extab
 *(.gnu_extab)

.gcc_except_table
 *(.gcc_except_table)

.exception_ranges
 *(.exception_ranges)

.tdata
 *(.tdata)

.tbss
 *(.tbss)

.jcr
 *(.jcr)

.dynamic
 *(.dynamic)

.got
 *(.got)

.got.plt
 *(.got.plt)

.data           0x00000000        0x0
 *(.data)
 .data          0x00000000        0x0 build/./gdt.o
 .data          0x00000000        0x0 build/./kmain.o
 .data          0x00000000        0x0 build/./isr.o
 .data          0x00000000        0x0 build/./load_descriptors.o

.data1
 *(.data1)

.bss            0x00000000       0x36
 *(.bss)
 .bss           0x00000000       0x36 build/./gdt.o
 .bss           0x00000036        0x0 build/./kmain.o
 .bss           0x00000036        0x0 build/./isr.o
 .bss           0x00000036        0x0 build/./load_descriptors.o

.stab
 *(.stab)

.stabstr
 *(.stabstr)

.stab.excl
 *(.stab.excl)

.stab.exclstr
 *(.stab.exclstr)

.stab.index
 *(.stab.index)

.stab.indexstr
 *(.stab.indexstr)

.comment        0x00000000       0x58
 *(.comment)
 .comment       0x00000000       0x2c build/./gdt.o
 .comment       0x0000002c       0x2c build/./kmain.o

.group          0x00000000        0xc
 .group         0x00000000        0xc build/./gdt.o

.group          0x00000000        0xc
 .group         0x00000000        0xc build/./gdt.o

.group          0x00000000        0xc
 .group         0x00000000        0xc build/./gdt.o

.group          0x00000000        0xc
 .group         0x00000000        0xc build/./gdt.o

.note.GNU-stack
                0x00000000        0x0
 .note.GNU-stack
                0x00000000        0x0 build/./gdt.o
 .note.GNU-stack
                0x00000000        0x0 build/./kmain.o

.group          0x00000000        0xc
 .group         0x00000000        0xc build/./kmain.o

.group          0x00000000        0xc
 .group         0x00000000        0xc build/./kmain.o

.group          0x00000000        0xc
 .group         0x00000000        0xc build/./kmain.o

.gnu.build.attributes
 *(.gnu.build.attributes)

.debug
 *(.debug)

.line
 *(.line)

.debug_srcinfo
 *(.debug_srcinfo)

.debug_sfnames
 *(.debug_sfnames)

.debug_aranges  0x00000000       0x60
 *(.debug_aranges)
 .debug_aranges
                0x00000000       0x20 build/./gdt.o
 .debug_aranges
                0x00000020       0x20 build/./kmain.o
 .debug_aranges
                0x00000040       0x20 build/./load_descriptors.o

.debug_pubnames
 *(.debug_pubnames)

.debug_info     0x00000000      0x310
 *(.debug_info)
 .debug_info    0x00000000      0x1e4 build/./gdt.o
 .debug_info    0x000001e4      0x106 build/./kmain.o
 .debug_info    0x000002ea       0x26 build/./load_descriptors.o

.debug_abbrev   0x00000000      0x1e0
 *(.debug_abbrev)
 .debug_abbrev  0x00000000       0xfa build/./gdt.o
 .debug_abbrev  0x000000fa       0xd2 build/./kmain.o
 .debug_abbrev  0x000001cc       0x14 build/./load_descriptors.o

.debug_line     0x00000000      0x30e
 *(.debug_line)
 .debug_line    0x00000000      0x164 build/./gdt.o
 .debug_line    0x00000164      0x15f build/./kmain.o
 .debug_line    0x000002c3       0x4b build/./load_descriptors.o

.debug_frame
 *(.debug_frame)

.debug_str      0x00000000     0x60c4
 *(.debug_str)
 .debug_str     0x00000000     0x314d build/./gdt.o
 .debug_str     0x0000314d     0x2f25 build/./kmain.o
 .debug_str     0x00006072       0x52 build/./load_descriptors.o

.debug_loc
 *(.debug_loc)

.debug_macinfo
 *(.debug_macinfo)

.debug_weaknames
 *(.debug_weaknames)

.debug_funcnames
 *(.debug_funcnames)

.debug_typenames
 *(.debug_typenames)

.debug_varnames
 *(.debug_varnames)

.debug_pubtypes
 *(.debug_pubtypes)

.debug_ranges
 *(.debug_ranges)

.debug_addr
 *(.debug_addr)

.debug_line_str
 *(.debug_line_str)

.debug_loclists
 *(.debug_loclists)

.debug_macro    0x00000000       0xee
 *(.debug_macro)
 .debug_macro   0x00000000       0x9c build/./gdt.o
 .debug_macro   0x0000009c       0x52 build/./kmain.o

.debug_names
 *(.debug_names)

.debug_rnglists
 *(.debug_rnglists)

.debug_str_offsets
 *(.debug_str_offsets)

.debug_sup
 *(.debug_sup)

.gnu.attributes
 *(.gnu.attributes)
OUTPUT(init.o elf32-i386)

.debug_macro    0x00000000      0x850
 .debug_macro   0x00000000      0x850 build/./gdt.o

.debug_macro    0x00000000       0x88
 .debug_macro   0x00000000       0x88 build/./gdt.o

.debug_macro    0x00000000       0x82
 .debug_macro   0x00000000       0x82 build/./gdt.o

.debug_macro    0x00000000       0x16
 .debug_macro   0x00000000       0x16 build/./gdt.o

.debug_macro    0x00000000       0x16
 .debug_macro   0x00000000       0x16 build/./kmain.o

.debug_macro    0x00000000       0x22
 .debug_macro   0x00000000       0x22 build/./kmain.o

.debug_macro    0x00000000       0x88
 .debug_macro   0x00000000       0x88 build/./kmain.o
