
Discarded input sections

 .group         0x00000000        0xc build/./pic.o
 .group         0x00000000        0xc build/./pic.o
 .group         0x00000000        0xc build/./pic.o
 .debug_macro   0x00000000      0x850 build/./pic.o
 .debug_macro   0x00000000       0x88 build/./pic.o
 .debug_macro   0x00000000       0x16 build/./pic.o
 .group         0x00000000        0xc build/./serial.o
 .group         0x00000000        0xc build/./serial.o
 .group         0x00000000        0xc build/./serial.o
 .group         0x00000000        0xc build/./serial.o
 .group         0x00000000        0xc build/./serial.o
 .group         0x00000000        0xc build/./serial.o
 .debug_macro   0x00000000      0x850 build/./serial.o
 .debug_macro   0x00000000       0x88 build/./serial.o
 .debug_macro   0x00000000       0x22 build/./serial.o
 .debug_macro   0x00000000       0x16 build/./serial.o
 .debug_macro   0x00000000       0x52 build/./serial.o
 .debug_macro   0x00000000       0x3b build/./serial.o
 .group         0x00000000        0xc build/./vga.o
 .group         0x00000000        0xc build/./vga.o
 .group         0x00000000        0xc build/./vga.o
 .group         0x00000000        0xc build/./vga.o
 .debug_macro   0x00000000      0x850 build/./vga.o
 .debug_macro   0x00000000       0x88 build/./vga.o
 .debug_macro   0x00000000       0x16 build/./vga.o
 .debug_macro   0x00000000       0x35 build/./vga.o

Memory Configuration

Name             Origin             Length             Attributes
*default*        0x00000000         0xffffffff

Linker script and memory map

LOAD build/./keyboard.o
LOAD build/./pic.o
LOAD build/./serial.o
LOAD build/./vga.o

.interp
 *(.interp)

.note.gnu.build-id
 *(.note.gnu.build-id)

.hash
 *(.hash)

.gnu.hash
 *(.gnu.hash)

.dynsym
 *(.dynsym)

.dynstr
 *(.dynstr)

.gnu.version
 *(.gnu.version)

.gnu.version_d
 *(.gnu.version_d)

.gnu.version_r
 *(.gnu.version_r)

.rel.init
 *(.rel.init)

.rel.text
 *(.rel.text)

.rel.fini
 *(.rel.fini)

.rel.rodata
 *(.rel.rodata)

.rel.data.rel.ro
 *(.rel.data.rel.ro)

.rel.data
 *(.rel.data)

.rel.tdata
 *(.rel.tdata)

.rel.tbss
 *(.rel.tbss)

.rel.ctors
 *(.rel.ctors)

.rel.dtors
 *(.rel.dtors)

.rel.got
 *(.rel.got)

.rel.bss
 *(.rel.bss)

.rel.ifunc
 *(.rel.ifunc)

.rel.plt
 *(.rel.plt)

.relr.dyn
 *(.relr.dyn)

.init
 *(SORT_NONE(.init))

.plt
 *(.plt)

.plt.got
 *(.plt.got)

.plt.sec
 *(.plt.sec)

.text           0x00000000      0x5a6
 *(.text .stub)
 .text          0x00000000       0xe8 build/./keyboard.o
                0x000000e2                kbd_keycode_to_ascii
 .text          0x000000e8       0xf1 build/./pic.o
                0x00000107                pic_init
                0x000001a9                pic_send_eoi
 .text          0x000001d9      0x266 build/./serial.o
                0x00000215                serial_init
                0x00000278                serial_putc
                0x000002b4                serial_puts
                0x000002df                serial_getc
 .text          0x0000043f      0x167 build/./vga.o
                0x0000045e                vga_entry_color
                0x00000486                vga_entry
                0x000004b5                vga_move_cursor_to
                0x00000546                vga_putentry_at
                0x0000059c                vga_get_screen_buffer
 *(.gnu.warning)

.fini
 *(SORT_NONE(.fini))

.rodata         0x00000000      0x14c
 *(.rodata)
 .rodata        0x00000000      0x14c build/./keyboard.o

.rodata1
 *(.rodata1)

.eh_frame_hdr
 *(.eh_frame_hdr)

.eh_frame       0x00000000      0x3e4
 *(.eh_frame)
 .eh_frame      0x00000000       0xbc build/./keyboard.o
 .eh_frame      0x000000bc       0x78 build/./pic.o
 .eh_frame      0x00000134      0x1d8 build/./serial.o
 .eh_frame      0x0000030c       0xd8 build/./vga.o

.sframe
 *(.sframe)

.gcc_except_table
 *(.gcc_except_table)

.gnu_extab
 *(.gnu_extab*)

.exception_ranges
 *(.exception_ranges)

.eh_frame
 *(.eh_frame)

.sframe
 *(.sframe)

.gnu_extab
 *(.gnu_extab)

.gcc_except_table
 *(.gcc_except_table)

.exception_ranges
 *(.exception_ranges)

.tdata
 *(.tdata)

.tbss
 *(.tbss)

.jcr
 *(.jcr)

.dynamic
 *(.dynamic)

.got
 *(.got)

.got.plt
 *(.got.plt)

.data           0x00000000        0x0
 *(.data)
 .data          0x00000000        0x0 build/./keyboard.o
 .data          0x00000000        0x0 build/./pic.o
 .data          0x00000000        0x0 build/./serial.o
 .data          0x00000000        0x0 build/./vga.o

.data1
 *(.data1)

.bss            0x00000000      0x109
 *(.bss)
 .bss           0x00000000      0x108 build/./keyboard.o
 .bss           0x00000108        0x0 build/./pic.o
 .bss           0x00000108        0x1 build/./serial.o
 .bss           0x00000109        0x0 build/./vga.o

.stab
 *(.stab)

.stabstr
 *(.stabstr)

.stab.excl
 *(.stab.excl)

.stab.exclstr
 *(.stab.exclstr)

.stab.index
 *(.stab.index)

.stab.indexstr
 *(.stab.indexstr)

.comment        0x00000000       0xb0
 *(.comment)
 .comment       0x00000000       0x2c build/./keyboard.o
 .comment       0x0000002c       0x2c build/./pic.o
 .comment       0x00000058       0x2c build/./serial.o
 .comment       0x00000084       0x2c build/./vga.o

.group          0x00000000        0xc
 .group         0x00000000        0xc build/./keyboard.o

.group          0x00000000        0xc
 .group         0x00000000        0xc build/./keyboard.o

.group          0x00000000        0xc
 .group         0x00000000        0xc build/./keyboard.o

.group          0x00000000        0xc
 .group         0x00000000        0xc build/./keyboard.o

.group          0x00000000        0xc
 .group         0x00000000        0xc build/./keyboard.o

.group          0x00000000        0xc
 .group         0x00000000        0xc build/./keyboard.o

.group          0x00000000        0xc
 .group         0x00000000        0xc build/./keyboard.o

.note.GNU-stack
                0x00000000        0x0
 .note.GNU-stack
                0x00000000        0x0 build/./keyboard.o
 .note.GNU-stack
                0x00000000        0x0 build/./pic.o
 .note.GNU-stack
                0x00000000        0x0 build/./serial.o
 .note.GNU-stack
                0x00000000        0x0 build/./vga.o

.group          0x00000000        0xc
 .group         0x00000000        0xc build/./pic.o

.group          0x00000000        0xc
 .group         0x00000000        0xc build/./pic.o

.group          0x00000000        0xc
 .group         0x00000000        0xc build/./serial.o

.group          0x00000000        0xc
 .group         0x00000000        0xc build/./vga.o

.group          0x00000000        0xc
 .group         0x00000000        0xc build/./vga.o

.gnu.build.attributes
 *(.gnu.build.attributes)

.debug
 *(.debug)

.line
 *(.line)

.debug_srcinfo
 *(.debug_srcinfo)

.debug_sfnames
 *(.debug_sfnames)

.debug_aranges  0x00000000       0x80
 *(.debug_aranges)
 .debug_aranges
                0x00000000       0x20 build/./keyboard.o
 .debug_aranges
                0x00000020       0x20 build/./pic.o
 .debug_aranges
                0x00000040       0x20 build/./serial.o
 .debug_aranges
                0x00000060       0x20 build/./vga.o

.debug_pubnames
 *(.debug_pubnames)

.debug_info     0x00000000      0xbce
 *(.debug_info)
 .debug_info    0x00000000      0x522 build/./keyboard.o
 .debug_info    0x00000522      0x106 build/./pic.o
 .debug_info    0x00000628      0x2e1 build/./serial.o
 .debug_info    0x00000909      0x2c5 build/./vga.o

.debug_abbrev   0x00000000      0x446
 *(.debug_abbrev)
 .debug_abbrev  0x00000000      0x14e build/./keyboard.o
 .debug_abbrev  0x0000014e       0x81 build/./pic.o
 .debug_abbrev  0x000001cf      0x157 build/./serial.o
 .debug_abbrev  0x00000326      0x120 build/./vga.o

.debug_line     0x00000000      0x6e7
 *(.debug_line)
 .debug_line    0x00000000      0x1ac build/./keyboard.o
 .debug_line    0x000001ac      0x13c build/./pic.o
 .debug_line    0x000002e8      0x20d build/./serial.o
 .debug_line    0x000004f5      0x1f2 build/./vga.o

.debug_frame
 *(.debug_frame)

.debug_str      0x00000000     0xd38f
 *(.debug_str)
 .debug_str     0x00000000     0x3a62 build/./keyboard.o
 .debug_str     0x00003a62     0x30ac build/./pic.o
 .debug_str     0x00006b0e     0x37a5 build/./serial.o
 .debug_str     0x0000a2b3     0x30dc build/./vga.o

.debug_loc
 *(.debug_loc)

.debug_macinfo
 *(.debug_macinfo)

.debug_weaknames
 *(.debug_weaknames)

.debug_funcnames
 *(.debug_funcnames)

.debug_typenames
 *(.debug_typenames)

.debug_varnames
 *(.debug_varnames)

.debug_pubtypes
 *(.debug_pubtypes)

.debug_ranges
 *(.debug_ranges)

.debug_addr
 *(.debug_addr)

.debug_line_str
 *(.debug_line_str)

.debug_loclists
 *(.debug_loclists)

.debug_macro    0x00000000      0x12f
 *(.debug_macro)
 .debug_macro   0x00000000       0x53 build/./keyboard.o
 .debug_macro   0x00000053       0x3b build/./pic.o
 .debug_macro   0x0000008e       0x4d build/./serial.o
 .debug_macro   0x000000db       0x54 build/./vga.o

.debug_names
 *(.debug_names)

.debug_rnglists
 *(.debug_rnglists)

.debug_str_offsets
 *(.debug_str_offsets)

.debug_sup
 *(.debug_sup)

.gnu.attributes
 *(.gnu.attributes)
OUTPUT(driver.o elf32-i386)

.debug_macro    0x00000000      0x850
 .debug_macro   0x00000000      0x850 build/./keyboard.o

.debug_macro    0x00000000       0x88
 .debug_macro   0x00000000       0x88 build/./keyboard.o

.debug_macro    0x00000000       0x16
 .debug_macro   0x00000000       0x16 build/./keyboard.o

.debug_macro    0x00000000       0x22
 .debug_macro   0x00000000       0x22 build/./keyboard.o

.debug_macro    0x00000000      0x166
 .debug_macro   0x00000000      0x166 build/./keyboard.o

.debug_macro    0x00000000       0x3b
 .debug_macro   0x00000000       0x3b build/./keyboard.o

.debug_macro    0x00000000       0x52
 .debug_macro   0x00000000       0x52 build/./keyboard.o

.debug_macro    0x00000000       0x35
 .debug_macro   0x00000000       0x35 build/./pic.o

.debug_macro    0x00000000       0xa6
 .debug_macro   0x00000000       0xa6 build/./pic.o

.debug_macro    0x00000000      0x1e3
 .debug_macro   0x00000000      0x1e3 build/./serial.o

.debug_macro    0x00000000       0x16
 .debug_macro   0x00000000       0x16 build/./vga.o

.debug_macro    0x00000000       0x3a
 .debug_macro   0x00000000       0x3a build/./vga.o
