Archive member included to satisfy reference by file (symbol)

libc/libc.a(string.o)         init/init.o (memset)

Discarded input sections

 .group         0x00000000        0xc init/init.o
 .group         0x00000000        0xc init/init.o
 .group         0x00000000        0xc init/init.o
 .group         0x00000000        0xc init/init.o
 .group         0x00000000        0xc init/init.o
 .group         0x00000000        0xc init/init.o
 .group         0x00000000        0xc init/init.o
 .eh_frame      0x00000000       0xf0 init/init.o
 .note.GNU-stack
                0x00000000        0x0 init/init.o
 .group         0x00000000        0xc driver/driver.o
 .group         0x00000000        0xc driver/driver.o
 .group         0x00000000        0xc driver/driver.o
 .group         0x00000000        0xc driver/driver.o
 .group         0x00000000        0xc driver/driver.o
 .group         0x00000000        0xc driver/driver.o
 .group         0x00000000        0xc driver/driver.o
 .group         0x00000000        0xc driver/driver.o
 .group         0x00000000        0xc driver/driver.o
 .group         0x00000000        0xc driver/driver.o
 .group         0x00000000        0xc driver/driver.o
 .group         0x00000000        0xc driver/driver.o
 .eh_frame      0x00000000      0x3e4 driver/driver.o
 .note.GNU-stack
                0x00000000        0x0 driver/driver.o
 .debug_macro   0x00000000      0x850 driver/driver.o
 .debug_macro   0x00000000       0x88 driver/driver.o
 .debug_macro   0x00000000       0x16 driver/driver.o
 .debug_macro   0x00000000       0x16 driver/driver.o
 .group         0x00000000        0xc tests/tests.o
 .group         0x00000000        0xc tests/tests.o
 .group         0x00000000        0xc tests/tests.o
 .group         0x00000000        0xc tests/tests.o
 .group         0x00000000        0xc tests/tests.o
 .group         0x00000000        0xc tests/tests.o
 .group         0x00000000        0xc tests/tests.o
 .group         0x00000000        0xc tests/tests.o
 .group         0x00000000        0xc tests/tests.o
 .group         0x00000000        0xc tests/tests.o
 .group         0x00000000        0xc tests/tests.o
 .group         0x00000000        0xc tests/tests.o
 .eh_frame      0x00000000      0x174 tests/tests.o
 .note.GNU-stack
                0x00000000        0x0 tests/tests.o
 .debug_macro   0x00000000      0x850 tests/tests.o
 .debug_macro   0x00000000       0x22 tests/tests.o
 .debug_macro   0x00000000       0x16 tests/tests.o
 .debug_macro   0x00000000       0x88 tests/tests.o
 .debug_macro   0x00000000       0x16 tests/tests.o
 .debug_macro   0x00000000       0x3a tests/tests.o
 .debug_macro   0x00000000       0x22 tests/tests.o
 .debug_macro   0x00000000       0x3b tests/tests.o
 .debug_macro   0x00000000      0x1e3 tests/tests.o
 .debug_macro   0x00000000      0x166 tests/tests.o
 .group         0x00000000        0xc libc/libc.a(string.o)
 .group         0x00000000        0xc libc/libc.a(string.o)
 .group         0x00000000        0xc libc/libc.a(string.o)
 .group         0x00000000        0xc libc/libc.a(string.o)
 .group         0x00000000        0xc libc/libc.a(string.o)
 .debug_macro   0x00000000      0x850 libc/libc.a(string.o)
 .debug_macro   0x00000000       0x16 libc/libc.a(string.o)
 .debug_macro   0x00000000       0x88 libc/libc.a(string.o)
 .debug_macro   0x00000000       0x16 libc/libc.a(string.o)
 .debug_macro   0x00000000       0x22 libc/libc.a(string.o)
 .note.GNU-stack
                0x00000000        0x0 libc/libc.a(string.o)
 .eh_frame      0x00000000      0x198 libc/libc.a(string.o)

Memory Configuration

Name             Origin             Length             Attributes
*default*        0x00000000         0xffffffff

Linker script and memory map

                0xc0100000                        . = 0xc0100000
                0xc0100000                        kernel_start = .
                0xc0100100                        . = (. + 0x100)
                0xc0100100                        kcode_start = .

.text           0xc0100100     0x12ca
 *(.text)
 .text          0xc0100100      0x191 init/init.o
                0xc0100100                create_gdt_entry
                0xc010017d                gdt_init_flat_protected
                0xc0100217                get_gdt_ptr
                0xc0100221                kmain
                0xc010026c                load_gdt
                0xc0100289                load_idt
 .text          0xc0100291      0x5a6 driver/driver.o
                0xc0100373                kbd_keycode_to_ascii
                0xc0100398                pic_init
                0xc010043a                pic_send_eoi
                0xc01004a6                serial_init
                0xc0100509                serial_putc
                0xc0100545                serial_puts
                0xc0100570                serial_getc
                0xc01006ef                vga_entry_color
                0xc0100717                vga_entry
                0xc0100746                vga_move_cursor_to
                0xc01007d7                vga_putentry_at
                0xc010082d                vga_get_screen_buffer
 .text          0xc0100837      0x5aa tests/tests.o
                0xc0100873                test_vga_entry
                0xc010094e                test_vga_cursor
                0xc0100a4e                test_vga_entry_overwrite
                0xc0100b54                test_vga_entry_colors
                0xc0100c00                test_vga_entry_boundaries
                0xc0100cc1                start_tests
                0xc0100d52                read_command
                0xc0100dbd                send_msg
 .text          0xc0100de1      0x5e9 libc/libc.a(string.o)
                0xc0100de1                strlen
                0xc0100e08                memset
                0xc0100e3b                strcmp
                0xc0100e7a                memcpy
                0xc0100ebb                memcmp
                0xc0100f25                strcpy
                0xc0100f5f                strncpy
                0xc0100fbc                strchr
                0xc0100fe8                strtok
                0xc010109a                strtol
                0xc0101262                strtok_r
                0xc0101380                strcat
                0xc01013ca                        kcode_end = .
                0xc01013ca                        krodata_start = .

.iplt           0xc01013ca        0x0
 .iplt          0xc01013ca        0x0 init/init.o

.rodata         0xc01013e0      0x26f
 *(.rodata)
 .rodata        0xc01013e0      0x14c driver/driver.o
 .rodata        0xc010152c      0x123 tests/tests.o
 *(.rodata.*)
                0xc010164f                        krodata_end = .
                0xc010164f                        kdata_start = .

.rel.dyn        0xc0101650        0x0
 .rel.got       0xc0101650        0x0 init/init.o
 .rel.iplt      0xc0101650        0x0 init/init.o
 .rel.text      0xc0101650        0x0 init/init.o

.data           0xc010164f        0x0
 *(.data)
 .data          0xc010164f        0x0 init/init.o
 .data          0xc010164f        0x0 driver/driver.o
 .data          0xc010164f        0x0 tests/tests.o
 .data          0xc010164f        0x0 libc/libc.a(string.o)
                0xc010164f                        kdata_end = .
                0xc010164f                        kbss_start = .

.got            0xc0101650        0x0
 .got           0xc0101650        0x0 init/init.o

.got.plt        0xc0101650        0x0
 .got.plt       0xc0101650        0x0 init/init.o

.igot.plt       0xc0101650        0x0
 .igot.plt      0xc0101650        0x0 init/init.o

.bss            0xc0101660      0x1ec
 *(.bss)
 .bss           0xc0101660       0x36 init/init.o
 *fill*         0xc0101696        0xa 
 .bss           0xc01016a0      0x109 driver/driver.o
 *fill*         0xc01017a9       0x17 
 .bss           0xc01017c0       0x88 tests/tests.o
 .bss           0xc0101848        0x4 libc/libc.a(string.o)
                0xc010184c                        kbss_end = .

/DISCARD/
 *(.eh_frame .note.GNU-stack)
                0xc010184c                        kernel_end = .
LOAD init/init.o
LOAD driver/driver.o
LOAD tests/tests.o
LOAD libc/libc.a
OUTPUT(kernel.elf elf32-i386)

.comment        0x00000000       0x2b
 .comment       0x00000000       0x2b init/init.o
                                 0x58 (size before relaxing)
 .comment       0x0000002b       0xb0 driver/driver.o
 .comment       0x0000002b      0x134 tests/tests.o
 .comment       0x0000002b       0x2c libc/libc.a(string.o)

.debug_aranges  0x00000000      0x1b8
 .debug_aranges
                0x00000000       0x60 init/init.o
 .debug_aranges
                0x00000060       0x80 driver/driver.o
 .debug_aranges
                0x000000e0       0xb8 tests/tests.o
 .debug_aranges
                0x00000198       0x20 libc/libc.a(string.o)

.debug_info     0x00000000     0x1abf
 .debug_info    0x00000000      0x310 init/init.o
 .debug_info    0x00000310      0xbce driver/driver.o
 .debug_info    0x00000ede      0x6a6 tests/tests.o
 .debug_info    0x00001584      0x53b libc/libc.a(string.o)

.debug_abbrev   0x00000000      0xa7d
 .debug_abbrev  0x00000000      0x1e0 init/init.o
 .debug_abbrev  0x000001e0      0x446 driver/driver.o
 .debug_abbrev  0x00000626      0x2f9 tests/tests.o
 .debug_abbrev  0x0000091f      0x15e libc/libc.a(string.o)

.debug_line     0x00000000     0x15ad
 .debug_line    0x00000000      0x30e init/init.o
 .debug_line    0x0000030e      0x6e7 driver/driver.o
 .debug_line    0x000009f5      0x711 tests/tests.o
 .debug_line    0x00001106      0x4a7 libc/libc.a(string.o)

.debug_str      0x00000000     0x5313
 .debug_str     0x00000000     0x5313 init/init.o
                               0x60c4 (size before relaxing)
 .debug_str     0x00005313     0xd38f driver/driver.o
 .debug_str     0x00005313    0x13ca1 tests/tests.o
 .debug_str     0x00005313     0x2d40 libc/libc.a(string.o)

.debug_macro    0x00000000     0x1325
 .debug_macro   0x00000000       0xee init/init.o
 .debug_macro   0x000000ee      0x850 init/init.o
 .debug_macro   0x0000093e       0x88 init/init.o
 .debug_macro   0x000009c6       0x82 init/init.o
 .debug_macro   0x00000a48       0x16 init/init.o
 .debug_macro   0x00000a5e       0x16 init/init.o
 .debug_macro   0x00000a74       0x22 init/init.o
 .debug_macro   0x00000a96       0x88 init/init.o
 .debug_macro   0x00000b1e      0x12f driver/driver.o
 .debug_macro   0x00000c4d       0x22 driver/driver.o
 .debug_macro   0x00000c6f      0x166 driver/driver.o
 .debug_macro   0x00000dd5       0x3b driver/driver.o
 .debug_macro   0x00000e10       0x52 driver/driver.o
 .debug_macro   0x00000e62       0x35 driver/driver.o
 .debug_macro   0x00000e97       0xa6 driver/driver.o
 .debug_macro   0x00000f3d      0x1e3 driver/driver.o
 .debug_macro   0x00001120       0x3a driver/driver.o
 .debug_macro   0x0000115a      0x166 tests/tests.o
 .debug_macro   0x000012c0       0x10 tests/tests.o
 .debug_macro   0x000012d0       0x16 tests/tests.o
 .debug_macro   0x000012e6       0x3f libc/libc.a(string.o)

.debug_ranges   0x00000000       0x48
 .debug_ranges  0x00000000       0x48 libc/libc.a(string.o)
