
There are no discarded input sections

Memory Configuration

Name             Origin             Length             Attributes
*default*        0x00000000         0xffffffff

Linker script and memory map

                0x00007c00                        . = 0x7c00

.text           0x00007c00      0x1d9
 *(.text)
 .text          0x00007c00       0xc1 build/boot.o
                0x00007c00                __bootsector_start
                0x00007c1a                gdt_desc
                0x00007c71                switch_to_protected
 .text          0x00007cc1       0x40 build/boot_print.o
                0x00007cc1                boot_print_line
                0x00007cc4                boot_print_newline
                0x00007cce                boot_print_string
                0x00007cdc                boot_print_hex
 .text          0x00007d01       0x33 build/protected_start.o
                0x00007d01                protected_start
 .text          0x00007d34       0x75 build/mmap.o
                0x00007d34                get_bios_e820_mmap
 .text          0x00007da9       0x30 build/memsize.o
                0x00007da9                get_bios_e801_memsize
 .text          0x00007dd9        0x0 build/stage2.o

.iplt           0x00007dd9        0x0
 .iplt          0x00007dd9        0x0 build/boot.o

.data           0x00007dd9        0x0
 *(.data)
 .data          0x00007dd9        0x0 build/boot.o
 .data          0x00007dd9        0x0 build/boot_print.o
 .data          0x00007dd9        0x0 build/protected_start.o
 .data          0x00007dd9        0x0 build/mmap.o
 .data          0x00007dd9        0x0 build/memsize.o
 .data          0x00007dd9        0x0 build/stage2.o

.got            0x00007ddc        0x0
 .got           0x00007ddc        0x0 build/boot.o

.got.plt        0x00007ddc        0x0
 .got.plt       0x00007ddc        0x0 build/boot.o

.igot.plt       0x00007ddc        0x0
 .igot.plt      0x00007ddc        0x0 build/boot.o
                0x00007dfe                        . = 0x7dfe

.sig            0x00007dfe        0x2
                0x00007dfe        0x2 SHORT 0xaa55

.stage2         0x00007e00       0xf7
 *(.stage2)
 .stage2        0x00007e00       0xf7 build/stage2.o
                0x00007e00                stage2
LOAD build/boot.o
LOAD build/boot_print.o
LOAD build/protected_start.o
LOAD build/mmap.o
LOAD build/memsize.o
LOAD build/stage2.o
OUTPUT(build/bootloader.elf elf32-i386)

.rel.dyn        0x00007ef8        0x0
 .rel.got       0x00007ef8        0x0 build/boot.o
 .rel.iplt      0x00007ef8        0x0 build/boot.o

.bss            0x00007ef7        0x0
 .bss           0x00007ef7        0x0 build/boot.o
 .bss           0x00007ef7        0x0 build/boot_print.o
 .bss           0x00007ef7        0x0 build/protected_start.o
 .bss           0x00007ef7        0x0 build/mmap.o
 .bss           0x00007ef7        0x0 build/memsize.o
 .bss           0x00007ef7        0x0 build/stage2.o

.debug_line     0x00000000      0x23b
 .debug_line    0x00000000       0x65 build/boot.o
 .debug_line    0x00000065       0x5d build/boot_print.o
 .debug_line    0x000000c2       0x4d build/protected_start.o
 .debug_line    0x0000010f       0x57 build/mmap.o
 .debug_line    0x00000166       0x4b build/memsize.o
 .debug_line    0x000001b1       0x8a build/stage2.o

.debug_info     0x00000000       0xe2
 .debug_info    0x00000000       0x24 build/boot.o
 .debug_info    0x00000024       0x26 build/boot_print.o
 .debug_info    0x0000004a       0x26 build/protected_start.o
 .debug_info    0x00000070       0x26 build/mmap.o
 .debug_info    0x00000096       0x26 build/memsize.o
 .debug_info    0x000000bc       0x26 build/stage2.o

.debug_abbrev   0x00000000       0x78
 .debug_abbrev  0x00000000       0x14 build/boot.o
 .debug_abbrev  0x00000014       0x14 build/boot_print.o
 .debug_abbrev  0x00000028       0x14 build/protected_start.o
 .debug_abbrev  0x0000003c       0x14 build/mmap.o
 .debug_abbrev  0x00000050       0x14 build/memsize.o
 .debug_abbrev  0x00000064       0x14 build/stage2.o

.debug_aranges  0x00000000       0xc0
 .debug_aranges
                0x00000000       0x20 build/boot.o
 .debug_aranges
                0x00000020       0x20 build/boot_print.o
 .debug_aranges
                0x00000040       0x20 build/protected_start.o
 .debug_aranges
                0x00000060       0x20 build/mmap.o
 .debug_aranges
                0x00000080       0x20 build/memsize.o
 .debug_aranges
                0x000000a0       0x20 build/stage2.o

.debug_str      0x00000000       0x7f
 .debug_str     0x00000000       0x7f build/boot.o
                                 0x46 (size before relaxing)
 .debug_str     0x0000007f       0x4c build/boot_print.o
 .debug_str     0x0000007f       0x51 build/protected_start.o
 .debug_str     0x0000007f       0x46 build/mmap.o
 .debug_str     0x0000007f       0x49 build/memsize.o
 .debug_str     0x0000007f       0x48 build/stage2.o
